// Jest Snapshot v1, https://goo.gl/fbAQLP

exports[`matches snapshot 1`] = `
<View
  style={
    Object {
      "marginLeft": "5%",
      "width": "90%",
    }
  }
>
  <RCTScrollView
    style={
      Object {
        "paddingBottom": "10%",
      }
    }
  >
    <View>
      <View>
        <View
          accessible={true}
          isTVSelectable={true}
          onResponderGrant={[Function]}
          onResponderMove={[Function]}
          onResponderRelease={[Function]}
          onResponderTerminate={[Function]}
          onResponderTerminationRequest={[Function]}
          onStartShouldSetResponder={[Function]}
          style={
            Object {
              "opacity": 1,
            }
          }
        >
          <View
            style={
              Object {
                "height": 200,
                "marginBottom": "15%",
              }
            }
          >
            <Text
              style={
                Object {
                  "fontSize": 18,
                  "fontWeight": "bold",
                  "marginBottom": "2%",
                }
              }
            >
              Breakfast
            </Text>
            <Image
              source={
                Object {
                  "uri": "https://d9hyo6bif16lx.cloudfront.net/live/img/production/detail/menu/breakfast_breakfast-classics_big-two-do-breakfast.jpg",
                }
              }
              style={
                Object {
                  "borderRadius": 4,
                  "height": 200,
                  "paddingRight": 20,
                  "width": "100%",
                }
              }
            />
          </View>
        </View>
      </View>
      <View>
        <View
          accessible={true}
          isTVSelectable={true}
          onResponderGrant={[Function]}
          onResponderMove={[Function]}
          onResponderRelease={[Function]}
          onResponderTerminate={[Function]}
          onResponderTerminationRequest={[Function]}
          onStartShouldSetResponder={[Function]}
          style={
            Object {
              "opacity": 1,
            }
          }
        >
          <View
            style={
              Object {
                "height": 200,
                "marginBottom": "15%",
              }
            }
          >
            <Text
              style={
                Object {
                  "fontSize": 18,
                  "fontWeight": "bold",
                  "marginBottom": "2%",
                }
              }
            >
              Brunch
            </Text>
            <Image
              source={
                Object {
                  "uri": "https://media.timeout.com/images/105500044/1024/576/image.jpg",
                }
              }
              style={
                Object {
                  "borderRadius": 4,
                  "height": 200,
                  "paddingRight": 20,
                  "width": "100%",
                }
              }
            />
          </View>
        </View>
      </View>
      <View>
        <View
          accessible={true}
          isTVSelectable={true}
          onResponderGrant={[Function]}
          onResponderMove={[Function]}
          onResponderRelease={[Function]}
          onResponderTerminate={[Function]}
          onResponderTerminationRequest={[Function]}
          onStartShouldSetResponder={[Function]}
          style={
            Object {
              "opacity": 1,
            }
          }
        >
          <View
            style={
              Object {
                "height": 200,
                "marginBottom": "15%",
              }
            }
          >
            <Text
              style={
                Object {
                  "fontSize": 18,
                  "fontWeight": "bold",
                  "marginBottom": "2%",
                }
              }
            >
              Lunch
            </Text>
            <Image
              source={
                Object {
                  "uri": "https://hips.hearstapps.com/del.h-cdn.co/assets/17/41/1600x1600/square-1507827786-buddha-bowls-delish-1.jpg?resize=640:*",
                }
              }
              style={
                Object {
                  "borderRadius": 4,
                  "height": 200,
                  "paddingRight": 20,
                  "width": "100%",
                }
              }
            />
          </View>
        </View>
      </View>
      <View>
        <View
          accessible={true}
          isTVSelectable={true}
          onResponderGrant={[Function]}
          onResponderMove={[Function]}
          onResponderRelease={[Function]}
          onResponderTerminate={[Function]}
          onResponderTerminationRequest={[Function]}
          onStartShouldSetResponder={[Function]}
          style={
            Object {
              "opacity": 1,
            }
          }
        >
          <View
            style={
              Object {
                "height": 200,
                "marginBottom": "15%",
              }
            }
          >
            <Text
              style={
                Object {
                  "fontSize": 18,
                  "fontWeight": "bold",
                  "marginBottom": "2%",
                }
              }
            >
              Dinner
            </Text>
            <Image
              source={
                Object {
                  "uri": "https://img1.cookinglight.timeinc.net/sites/default/files/styles/4_3_horizontal_-_900x675/public/image/2016/09/main/_1501p108-weeknight-lemon-chicken-skillet-dinner.jpg?itok=sGWzw71z",
                }
              }
              style={
                Object {
                  "borderRadius": 4,
                  "height": 200,
                  "paddingRight": 20,
                  "width": "100%",
                }
              }
            />
          </View>
        </View>
      </View>
      <View>
        <View
          accessible={true}
          isTVSelectable={true}
          onResponderGrant={[Function]}
          onResponderMove={[Function]}
          onResponderRelease={[Function]}
          onResponderTerminate={[Function]}
          onResponderTerminationRequest={[Function]}
          onStartShouldSetResponder={[Function]}
          style={
            Object {
              "opacity": 1,
            }
          }
        >
          <View
            style={
              Object {
                "height": 200,
                "marginBottom": "15%",
              }
            }
          >
            <Text
              style={
                Object {
                  "fontSize": 18,
                  "fontWeight": "bold",
                  "marginBottom": "2%",
                }
              }
            >
              Dessert
            </Text>
            <Image
              source={
                Object {
                  "uri": "https://cdn3.tmbi.com/toh/GoogleImages/exps19201_RDS011700016SC03_13_2b_WEB.jpg",
                }
              }
              style={
                Object {
                  "borderRadius": 4,
                  "height": 200,
                  "paddingRight": 20,
                  "width": "100%",
                }
              }
            />
          </View>
        </View>
      </View>
      <View>
        <View
          accessible={true}
          isTVSelectable={true}
          onResponderGrant={[Function]}
          onResponderMove={[Function]}
          onResponderRelease={[Function]}
          onResponderTerminate={[Function]}
          onResponderTerminationRequest={[Function]}
          onStartShouldSetResponder={[Function]}
          style={
            Object {
              "opacity": 1,
            }
          }
        >
          <View
            style={
              Object {
                "height": 200,
                "marginBottom": "15%",
              }
            }
          >
            <Text
              style={
                Object {
                  "fontSize": 18,
                  "fontWeight": "bold",
                  "marginBottom": "2%",
                }
              }
            >
              Snack
            </Text>
            <Image
              source={
                Object {
                  "uri": "https://data.thefeedfeed.com/recommended/post_4483824.jpeg",
                }
              }
              style={
                Object {
                  "borderRadius": 4,
                  "height": 200,
                  "paddingRight": 20,
                  "width": "100%",
                }
              }
            />
          </View>
        </View>
      </View>
    </View>
  </RCTScrollView>
</View>
`;
