// Jest Snapshot v1, https://goo.gl/fbAQLP

exports[`<RecipeList /> matches snapshot 1`] = `
<View
  style={
    Object {
      "flexDirection": "row",
      "flexWrap": "wrap",
    }
  }
/>
`;
