// Jest Snapshot v1, https://goo.gl/fbAQLP

exports[`Cookbook snapshot 1`] = `<View />`;
