// Jest Snapshot v1, https://goo.gl/fbAQLP

exports[`HelloWorld snapshot hello world 1`] = `
<View>
  <Text
    testID="hw"
  >
    Hello undefined
  </Text>
</View>
`;
