// Jest Snapshot v1, https://goo.gl/fbAQLP

exports[`signup snapshot 1`] = `<signUp />`;
