// Jest Snapshot v1, https://goo.gl/fbAQLP

exports[`login snapshot 1`] = `
<ScrollView>
    <View style={styles.signUp}>
      <TouchableOpacity
          onPress={() => props.navigation.navigate('Home')}
          >
            <Text style={styles.exitButton}>x</Text>
          </TouchableOpacity>

          <View style = {{flexDirection: 'row', justifyContent: 'center', textAlign: 'center', paddingBottom: 15}}>
            <Image source={logo} style={{width: "10%", height: "105%"}}/> 
            <Text style={styles.title}>RecipeShare</Text>
          </View>
         
          <Text style={styles.explanationText}>Sign in or create a new account to save and edit your favorite recipes.</Text>
          <Text style={styles.loginText}>Log In</Text>
          <Text style={styles.emailText}>Username</Text>
          <TextInput
           style={styles.inputFeilds}
           name="username"
           value={login.username}
           onChangeText={event => SetLogin({...login, username:event})}/>
           <Text style={styles.passwordText}>Password</Text>
          <TextInput
           style={styles.inputFeilds}
           name="password"
           value={login.password}
           onChangeText={event => SetLogin({...login, password:event})}
           secureTextEntry={true}/>
           {toke!=null && <Text style={{color:"red", marginLeft:100}}>Incorrect Username or Password</Text>}
           <TouchableOpacity
           onPress={() => props.navigation.navigate('Signup')}>
           <Text style={styles.createAccountButton}>Create an Account</Text>
           </TouchableOpacity>
           <View style={{flexDirection: 'row-reverse', marginRight: 16}}>
           <TouchableOpacity
             onPress={onPress}
             style={styles.loginButton}
           >
             <Text style={styles.loginButtonText}>Login</Text>
             {/* <MyCookBook props={toke} style={{display: 'none'}}/> */}
             {/* <AxiosWithAuth token={toke}/> */}
           </TouchableOpacity>
           </View>
        </View>
       </ScrollView>
`;
