// Jest Snapshot v1, https://goo.gl/fbAQLP

exports[`recipe list snapshot 1`] = `
<RCTScrollView>
  <View>
    <View
      style={
        Object {
          "flexDirection": "row",
          "flexWrap": "wrap",
        }
      }
    />
  </View>
</RCTScrollView>
`;
